// Jest Snapshot v1, https://goo.gl/fbAQLP

exports[`renders correctly 1`] = `
<div
  className="px-10 py-4"
>
  <img
    alt="empty-icon"
    className="block mx-auto sm:w-[undefined]"
    src={
      Object {
        "default": "empty-icon.svg",
      }
    }
  />
  <p
    className="text-sm font-normal text-[#151515] text-center mt-6"
  >
    , 
    <br />
     sabar ya rejeki nggak kemana kok
  </p>
</div>
`;
